re/borland/bloodprg/seg_01ce/func_0025a4_string_compare.cpp
re/borland/bloodprg/seg_01ce/func_002665_strlen.cpp
re/borland/bloodprg/seg_0299/func_00509a_routine.cpp
re/borland/bloodprg/seg_0299/func_00509b_routine.cpp
re/borland/bloodprg/seg_0299/func_00509c_routine.cpp
re/borland/bloodprg/seg_04da/func_0064b8_vm_op_d2_script_profile_request.cpp
re/borland/bloodprg/seg_04da/func_0064c0_vm_op_cf_clear_state.cpp
re/borland/bloodprg/seg_04da/func_006559_vm_op_a0_push.cpp
re/borland/bloodprg/seg_04da/func_006572_vm_op_a1_pop.cpp
re/borland/bloodprg/seg_04da/func_0065db_vm_op_a4_jump.cpp
re/borland/bloodprg/seg_04da/func_0067ba_vm_op_a7_set_if_presentation.cpp
re/borland/bloodprg/seg_04da/func_00684c_vm_op_ab_poke_byte.cpp
re/borland/bloodprg/seg_04da/func_006855_vm_op_aa_yield.cpp
re/borland/bloodprg/seg_04da/func_00685c_vm_op_ac_yield.cpp
re/borland/bloodprg/seg_04da/func_007542_routine.cpp
re/borland/bloodprg/seg_04da/func_007549_routine.cpp
re/borland/bloodprg/seg_04da/func_007550_routine.cpp
re/borland/bloodprg/seg_04da/func_007557_routine.cpp
re/borland/bloodprg/seg_04da/func_0076ba_routine.cpp
re/borland/bloodprg/seg_071e/func_008713_nav_choice_handler_0.cpp
re/borland/bloodprg/seg_0971/func_009f80_lookup_table_1fb5.cpp
re/borland/bloodprg/seg_0971/func_00a40b_routine.cpp
re/borland/bloodprg/seg_0971/func_00a634_flag_test_b17.cpp
re/borland/bloodprg/seg_0971/func_00a734_queue_d8c_enqueue.cpp
re/borland/bloodprg/seg_0971/func_00a744_routine.cpp
re/borland/bloodprg/seg_0971/func_00a757_list_d8c_init.cpp
re/borland/bloodprg/seg_0971/func_00a7e6_mem_copy_words.cpp
re/borland/xdb/amer/method_table_103a/func_000b0f_routine.cpp
re/borland/xdb/amer/method_table_103a/func_000b1f_routine.cpp
re/borland/xdb/amer/method_table_103a/func_001bea_routine.cpp
re/borland/xdb/amer/method_table_103a/func_001dd6_routine.cpp
re/borland/xdb/croolis/method_table_103a/func_000b50_routine.cpp
re/borland/xdb/croolis/method_table_103a/func_000b60_routine.cpp
re/borland/xdb/croolis/method_table_103a/func_001b46_routine.cpp
re/borland/xdb/croolis/method_table_103a/func_001d27_routine.cpp
re/borland/xdb/manu3/manu3_labeled/func_000848_manu3_span_setup_next.cpp
re/borland/xdb/scrut/method_table_103a/func_000b55_routine.cpp
re/borland/xdb/scrut/method_table_103a/func_000b65_routine.cpp
re/borland/xdb/scrut/method_table_103a/func_001bfb_routine.cpp
re/borland/xdb/scrut/method_table_103a/func_001de7_routine.cpp
