re/borland/bloodprg/seg_0000/func_000b32_detect_cdrom.cpp
re/borland/bloodprg/seg_0000/func_000bff_install_ctrl_break_handler.cpp
re/borland/bloodprg/seg_0000/func_000cc0_set_video_mode_saved.cpp
re/borland/bloodprg/seg_0000/func_000cef_mouse_reset_hide.cpp
re/borland/bloodprg/seg_0000/func_000d4a_mouse_set_hrange.cpp
re/borland/bloodprg/seg_0000/func_000d61_print_string_dos.cpp
re/borland/bloodprg/seg_008b/func_001d74_copy_abc_to_671c.cpp
re/borland/bloodprg/seg_008b/func_001fbc_flag_test_a2e.cpp
re/borland/bloodprg/seg_01ce/func_0025a4_string_compare.cpp
re/borland/bloodprg/seg_01ce/func_002665_strlen.cpp
re/borland/bloodprg/seg_01ce/func_00267d_kbd_read_int16.cpp
re/borland/bloodprg/seg_0299/func_0041d1_entity_flag_state_transition.cpp
re/borland/bloodprg/seg_0299/func_00509a_routine.cpp
re/borland/bloodprg/seg_0299/func_00509b_routine.cpp
re/borland/bloodprg/seg_0299/func_00509c_routine.cpp
re/borland/bloodprg/seg_04b9/func_005288_resource_release.cpp
re/borland/bloodprg/seg_04b9/func_005320_resource_handle_resolve.cpp
re/borland/bloodprg/seg_04da/func_00577a_value_scan_match.cpp
re/borland/bloodprg/seg_04da/func_006023_vm_field_offset.cpp
re/borland/bloodprg/seg_04da/func_006293_vm_token_special.cpp
re/borland/bloodprg/seg_04da/func_006494_vm_op_ce_cond_branch.cpp
re/borland/bloodprg/seg_04da/func_0064a0_vm_op_d0_cond_branch.cpp
re/borland/bloodprg/seg_04da/func_0064ac_vm_op_d1_cond_branch.cpp
re/borland/bloodprg/seg_04da/func_0064b8_vm_op_d2_script_profile_request.cpp
re/borland/bloodprg/seg_04da/func_0064c0_vm_op_cf_clear_state.cpp
re/borland/bloodprg/seg_04da/func_0064ce_vm_op_cc_set_record_byte.cpp
re/borland/bloodprg/seg_04da/func_006559_vm_op_a0_push.cpp
re/borland/bloodprg/seg_04da/func_006572_vm_op_a1_pop.cpp
re/borland/bloodprg/seg_04da/func_006588_vm_op_a2_cond_call.cpp
re/borland/bloodprg/seg_04da/func_0065db_vm_op_a4_jump.cpp
re/borland/bloodprg/seg_04da/func_0067ba_vm_op_a7_set_if_presentation.cpp
re/borland/bloodprg/seg_04da/func_006830_vm_op_a9_cond_jump.cpp
re/borland/bloodprg/seg_04da/func_00684c_vm_op_ab_poke_byte.cpp
re/borland/bloodprg/seg_04da/func_006855_vm_op_aa_yield.cpp
re/borland/bloodprg/seg_04da/func_00685c_vm_op_ac_yield.cpp
re/borland/bloodprg/seg_04da/func_007542_routine.cpp
re/borland/bloodprg/seg_04da/func_007549_routine.cpp
re/borland/bloodprg/seg_04da/func_007550_routine.cpp
re/borland/bloodprg/seg_04da/func_007557_routine.cpp
re/borland/bloodprg/seg_04da/func_007612_credit_presenter_b_cryo.cpp
re/borland/bloodprg/seg_04da/func_007629_routine.cpp
re/borland/bloodprg/seg_04da/func_00766f_dlg_line_record_parser.cpp
re/borland/bloodprg/seg_04da/func_0076ba_routine.cpp
re/borland/bloodprg/seg_04da/func_0076c0_routine.cpp
re/borland/bloodprg/seg_04da/func_0076d5_routine.cpp
re/borland/bloodprg/seg_04da/func_007754_routine.cpp
re/borland/bloodprg/seg_04da/func_007776_routine.cpp
re/borland/bloodprg/seg_04da/func_007788_fs_name_area_read.cpp
re/borland/bloodprg/seg_071e/func_008713_nav_choice_handler_0.cpp
re/borland/bloodprg/seg_071e/func_008848_nav_choice_handler_3.cpp
re/borland/bloodprg/seg_071e/func_00963f_matrix_table_clear_2a1b.cpp
re/borland/bloodprg/seg_0971/func_009f80_lookup_table_1fb5.cpp
re/borland/bloodprg/seg_0971/func_00a141_close_file_d5b.cpp
re/borland/bloodprg/seg_0971/func_00a2dd_routine.cpp
re/borland/bloodprg/seg_0971/func_00a38e_queue_d8c_wrap.cpp
re/borland/bloodprg/seg_0971/func_00a3ad_queue_d8c_empty_check.cpp
re/borland/bloodprg/seg_0971/func_00a40b_routine.cpp
re/borland/bloodprg/seg_0971/func_00a622_list_d8c_read.cpp
re/borland/bloodprg/seg_0971/func_00a634_flag_test_b17.cpp
re/borland/bloodprg/seg_0971/func_00a734_queue_d8c_enqueue.cpp
re/borland/bloodprg/seg_0971/func_00a73e_list_d8c_bounds_init.cpp
re/borland/bloodprg/seg_0971/func_00a744_routine.cpp
re/borland/bloodprg/seg_0971/func_00a757_list_d8c_init.cpp
re/borland/bloodprg/seg_0971/func_00a778_routine.cpp
re/borland/bloodprg/seg_0971/func_00a7e6_mem_copy_words.cpp
re/borland/xdb/amer/direct_calls/func_000336_routine.cpp
re/borland/xdb/amer/direct_calls/func_000347_routine.cpp
re/borland/xdb/amer/method_table_103a/func_000b0f_routine.cpp
re/borland/xdb/amer/method_table_103a/func_000b1f_routine.cpp
re/borland/xdb/amer/method_table_103a/func_001b5f_routine.cpp
re/borland/xdb/amer/method_table_103a/func_001b8f_routine.cpp
re/borland/xdb/amer/method_table_103a/func_001bea_routine.cpp
re/borland/xdb/amer/method_table_103a/func_001dd6_routine.cpp
re/borland/xdb/croolis/direct_calls/func_00034b_routine.cpp
re/borland/xdb/croolis/direct_calls/func_00035c_routine.cpp
re/borland/xdb/croolis/method_table_103a/func_000b50_routine.cpp
re/borland/xdb/croolis/method_table_103a/func_000b60_routine.cpp
re/borland/xdb/croolis/method_table_103a/func_001acb_routine.cpp
re/borland/xdb/croolis/method_table_103a/func_001afb_routine.cpp
re/borland/xdb/croolis/method_table_103a/func_001b46_routine.cpp
re/borland/xdb/croolis/method_table_103a/func_001d27_routine.cpp
re/borland/xdb/manu3/manu3_labeled/func_00017c_routine.cpp
re/borland/xdb/manu3/manu3_labeled/func_000181_manu3_anim_select.cpp
re/borland/xdb/manu3/manu3_labeled/func_000848_manu3_span_setup_next.cpp
re/borland/xdb/scrut/direct_calls/func_00034b_routine.cpp
re/borland/xdb/scrut/direct_calls/func_00035c_routine.cpp
re/borland/xdb/scrut/method_table_103a/func_000b55_routine.cpp
re/borland/xdb/scrut/method_table_103a/func_000b65_routine.cpp
re/borland/xdb/scrut/method_table_103a/func_001b80_routine.cpp
re/borland/xdb/scrut/method_table_103a/func_001bb0_routine.cpp
re/borland/xdb/scrut/method_table_103a/func_001bfb_routine.cpp
re/borland/xdb/scrut/method_table_103a/func_001de7_routine.cpp
